Downloading: WTAh...cn0e
Downloading: KOpu...2nuh
Downloading: Hk6M...wnUg
Downloading: A2Pm...1nGb
Downloading: J7FD...zner
Downloading: TLNn...cnpb
Downloading: ORyb...xn1L
Downloading: ByOj...tnze
Downloading: J5Mg...nnWg
Downloading: WXUU...Un2g
Downloading: LSUK...snUc
Downloading: Uz05...enmb
Downloading: Q7I8...xn48
Downloading: EfK2...8nyg
Downloading: W8ZJ...cnZR
Downloading: KnmM...Bnrg
Downloading: Xh1S...1nLc
Downloading: RHCJ...rnnc
Downloading: AB7L...Anfe
Downloading: UsX5...ancb
Downloading: Vn4D...unag
Downloading: IaX3...5nzC
Downloading: Tll7...BnWf
Downloading: ZDtz...jn0b
Downloading: A9Hc...fnfe
Downloading: OZ2s...wnY4
